{
  "vulnerability": {
    "baselineHead": "69610238d9e0686b2546619edcfa4ffe194c48f9",
    "completeBackupClaimed": true,
    "manifestOmittedPageShares": true,
    "restoreDeletedPages": true,
    "restoreDidNotReinsertPageShares": true,
    "shareLostAfterSuccessfulRestore": true,
    "permanentSharingLossReproduced": true
  },
  "fixed": {
    "manifestExportsPageShares": true,
    "collaboratorIdentityIsPortable": true,
    "restoreReinsertsPageShares": true,
    "missingCollaboratorFailsClosed": true,
    "legacyManifestPreservesCurrentShares": true,
    "successfulRoundTripPreservesShare": true,
    "permanentSharingLossClosed": true
  }
}
