{
  "passed": 24,
  "failed": 0,
  "pageErrors": [],
  "browserVersion": "144.0.7559.96",
  "benchmarks": [
    {
      "mode": "baseline",
      "nodes": 300,
      "samples": 7,
      "includes": "complete editor construction, attach and layout; actual DOM",
      "allWallMs": [
        36.199999999953434,
        39.4000000001397,
        42.200000000186265,
        43.9000000001397,
        41.5,
        50.199999999953434,
        37.4000000001397
      ],
      "medianWallMs": 41.5
    },
    {
      "mode": "current",
      "nodes": 300,
      "samples": 7,
      "includes": "complete editor construction, attach and layout; actual DOM",
      "allWallMs": [
        35.800000000046566,
        31.899999999906868,
        35.60000000009313,
        37.5,
        35.60000000009313,
        42.60000000009313,
        49
      ],
      "medianWallMs": 35.800000000046566
    }
  ]
}
