TAP version 13
# (node:16369) ExperimentalWarning: stripTypeScriptTypes is an experimental feature and might change at any time
# (Use `node --trace-warnings ...` to show where the warning was created)
# Subtest: audit fixture retains exact original serverTree bytes
ok 1 - audit fixture retains exact original serverTree bytes
  ---
  duration_ms: 1.713352
  type: 'test'
  ...
# Subtest: audit fixture retains exact original clientTree bytes
ok 2 - audit fixture retains exact original clientTree bytes
  ---
  duration_ms: 0.12669
  type: 'test'
  ...
# Subtest: audit fixture retains exact original websocket bytes
ok 3 - audit fixture retains exact original websocket bytes
  ---
  duration_ms: 0.123195
  type: 'test'
  ...
# Subtest: server tree flat/0: exact summary, normalization and immutable input
ok 4 - server tree flat/0: exact summary, normalization and immutable input
  ---
  duration_ms: 70.168241
  type: 'test'
  ...
# Subtest: server tree flat/1: exact summary, normalization and immutable input
ok 5 - server tree flat/1: exact summary, normalization and immutable input
  ---
  duration_ms: 4.594196
  type: 'test'
  ...
# Subtest: server tree flat/25: exact summary, normalization and immutable input
ok 6 - server tree flat/25: exact summary, normalization and immutable input
  ---
  duration_ms: 4.513105
  type: 'test'
  ...
# Subtest: server tree flat/300: exact summary, normalization and immutable input
ok 7 - server tree flat/300: exact summary, normalization and immutable input
  ---
  duration_ms: 22.940176
  type: 'test'
  ...
# Subtest: server tree balanced/0: exact summary, normalization and immutable input
ok 8 - server tree balanced/0: exact summary, normalization and immutable input
  ---
  duration_ms: 3.920895
  type: 'test'
  ...
# Subtest: server tree balanced/1: exact summary, normalization and immutable input
ok 9 - server tree balanced/1: exact summary, normalization and immutable input
  ---
  duration_ms: 3.477731
  type: 'test'
  ...
# Subtest: server tree balanced/25: exact summary, normalization and immutable input
ok 10 - server tree balanced/25: exact summary, normalization and immutable input
  ---
  duration_ms: 4.117881
  type: 'test'
  ...
# Subtest: server tree balanced/300: exact summary, normalization and immutable input
ok 11 - server tree balanced/300: exact summary, normalization and immutable input
  ---
  duration_ms: 21.63728
  type: 'test'
  ...
# Subtest: server tree chain/0: exact summary, normalization and immutable input
ok 12 - server tree chain/0: exact summary, normalization and immutable input
  ---
  duration_ms: 3.422688
  type: 'test'
  ...
# Subtest: server tree chain/1: exact summary, normalization and immutable input
ok 13 - server tree chain/1: exact summary, normalization and immutable input
  ---
  duration_ms: 12.121766
  type: 'test'
  ...
# Subtest: server tree chain/25: exact summary, normalization and immutable input
ok 14 - server tree chain/25: exact summary, normalization and immutable input
  ---
  duration_ms: 4.547576
  type: 'test'
  ...
# Subtest: server tree chain/300: exact summary, normalization and immutable input
ok 15 - server tree chain/300: exact summary, normalization and immutable input
  ---
  duration_ms: 141.790385
  type: 'test'
  ...
# Subtest: server summary: exact UTF-16 prefix at 19999 code units
ok 16 - server summary: exact UTF-16 prefix at 19999 code units
  ---
  duration_ms: 2.727615
  type: 'test'
  ...
# Subtest: server summary: exact UTF-16 prefix at 20000 code units
ok 17 - server summary: exact UTF-16 prefix at 20000 code units
  ---
  duration_ms: 2.259412
  type: 'test'
  ...
# Subtest: server summary: exact UTF-16 prefix at 20001 code units
ok 18 - server summary: exact UTF-16 prefix at 20001 code units
  ---
  duration_ms: 2.319762
  type: 'test'
  ...
# Subtest: server large notes: only summary is truncated; complete memo metadata survives
ok 19 - server large notes: only summary is truncated; complete memo metadata survives
  ---
  duration_ms: 9.793411
  type: 'test'
  ...
# Subtest: server 500 deterministic malformed/random hierarchies match the original
ok 20 - server 500 deterministic malformed/random hierarchies match the original
  ---
  duration_ms: 995.064542
  type: 'test'
  ...
# Subtest: server untrusted size limits, missing data and duplicate IDs are unchanged
ok 21 - server untrusted size limits, missing data and duplicate IDs are unchanged
  ---
  duration_ms: 33.751164
  type: 'test'
  ...
# Subtest: client tree flat/0: exact summary, normalization and immutable input
ok 22 - client tree flat/0: exact summary, normalization and immutable input
  ---
  duration_ms: 13.32345
  type: 'test'
  ...
# Subtest: client tree flat/1: exact summary, normalization and immutable input
ok 23 - client tree flat/1: exact summary, normalization and immutable input
  ---
  duration_ms: 1.689447
  type: 'test'
  ...
# Subtest: client tree flat/25: exact summary, normalization and immutable input
ok 24 - client tree flat/25: exact summary, normalization and immutable input
  ---
  duration_ms: 1.008764
  type: 'test'
  ...
# Subtest: client tree flat/300: exact summary, normalization and immutable input
ok 25 - client tree flat/300: exact summary, normalization and immutable input
  ---
  duration_ms: 8.672478
  type: 'test'
  ...
# Subtest: client tree balanced/0: exact summary, normalization and immutable input
ok 26 - client tree balanced/0: exact summary, normalization and immutable input
  ---
  duration_ms: 0.335053
  type: 'test'
  ...
# Subtest: client tree balanced/1: exact summary, normalization and immutable input
ok 27 - client tree balanced/1: exact summary, normalization and immutable input
  ---
  duration_ms: 0.219339
  type: 'test'
  ...
# Subtest: client tree balanced/25: exact summary, normalization and immutable input
ok 28 - client tree balanced/25: exact summary, normalization and immutable input
  ---
  duration_ms: 0.712109
  type: 'test'
  ...
# Subtest: client tree balanced/300: exact summary, normalization and immutable input
ok 29 - client tree balanced/300: exact summary, normalization and immutable input
  ---
  duration_ms: 7.092988
  type: 'test'
  ...
# Subtest: client tree chain/0: exact summary, normalization and immutable input
ok 30 - client tree chain/0: exact summary, normalization and immutable input
  ---
  duration_ms: 0.315934
  type: 'test'
  ...
# Subtest: client tree chain/1: exact summary, normalization and immutable input
ok 31 - client tree chain/1: exact summary, normalization and immutable input
  ---
  duration_ms: 0.258308
  type: 'test'
  ...
# Subtest: client tree chain/25: exact summary, normalization and immutable input
ok 32 - client tree chain/25: exact summary, normalization and immutable input
  ---
  duration_ms: 0.664397
  type: 'test'
  ...
# Subtest: client tree chain/300: exact summary, normalization and immutable input
ok 33 - client tree chain/300: exact summary, normalization and immutable input
  ---
  duration_ms: 20.936097
  type: 'test'
  ...
# Subtest: client summary: exact UTF-16 prefix at 19999 code units
ok 34 - client summary: exact UTF-16 prefix at 19999 code units
  ---
  duration_ms: 0.326159
  type: 'test'
  ...
# Subtest: client summary: exact UTF-16 prefix at 20000 code units
ok 35 - client summary: exact UTF-16 prefix at 20000 code units
  ---
  duration_ms: 0.255653
  type: 'test'
  ...
# Subtest: client summary: exact UTF-16 prefix at 20001 code units
ok 36 - client summary: exact UTF-16 prefix at 20001 code units
  ---
  duration_ms: 0.172499
  type: 'test'
  ...
# Subtest: client large notes: only summary is truncated; complete memo metadata survives
ok 37 - client large notes: only summary is truncated; complete memo metadata survives
  ---
  duration_ms: 10.185119
  type: 'test'
  ...
# Subtest: client 500 deterministic malformed/random hierarchies match the original
ok 38 - client 500 deterministic malformed/random hierarchies match the original
  ---
  duration_ms: 157.282219
  type: 'test'
  ...
# Subtest: client untrusted size limits, missing data and duplicate IDs are unchanged
ok 39 - client untrusted size limits, missing data and duplicate IDs are unchanged
  ---
  duration_ms: 5.920518
  type: 'test'
  ...
# Subtest: server render indexes children once and does not rebuild 300 ID maps
ok 40 - server render indexes children once and does not rebuild 300 ID maps
  ---
  duration_ms: 15.467819
  type: 'test'
  ...
# Subtest: static HTML continues to escape executable strings and preserves every memo
ok 41 - static HTML continues to escape executable strings and preserves every memo
  ---
  duration_ms: 2.221825
  type: 'test'
  ...
# Subtest: metadata strings, malformed JSON and nested normalization have exact server output
ok 42 - metadata strings, malformed JSON and nested normalization have exact server output
  ---
  duration_ms: 12.209648
  type: 'test'
  ...
# (node:16370) ExperimentalWarning: Type Stripping is an experimental feature and might change at any time
# (Use `node --trace-warnings ...` to show where the warning was created)
# (node:16370) ExperimentalWarning: stripTypeScriptTypes is an experimental feature and might change at any time
# Subtest: WebSocket 0-byte payload is identical before/after idle release
ok 43 - WebSocket 0-byte payload is identical before/after idle release
  ---
  duration_ms: 71.527311
  type: 'test'
  ...
# Subtest: WebSocket 1-byte payload is identical before/after idle release
ok 44 - WebSocket 1-byte payload is identical before/after idle release
  ---
  duration_ms: 24.694409
  type: 'test'
  ...
# Subtest: WebSocket 125-byte payload is identical before/after idle release
ok 45 - WebSocket 125-byte payload is identical before/after idle release
  ---
  duration_ms: 17.144786
  type: 'test'
  ...
# Subtest: WebSocket 126-byte payload is identical before/after idle release
ok 46 - WebSocket 126-byte payload is identical before/after idle release
  ---
  duration_ms: 20.353924
  type: 'test'
  ...
# Subtest: WebSocket 65535-byte payload is identical before/after idle release
ok 47 - WebSocket 65535-byte payload is identical before/after idle release
  ---
  duration_ms: 31.713266
  type: 'test'
  ...
# Subtest: WebSocket 65536-byte payload is identical before/after idle release
ok 48 - WebSocket 65536-byte payload is identical before/after idle release
  ---
  duration_ms: 16.335751
  type: 'test'
  ...
# Subtest: WebSocket 1048576-byte payload is identical before/after idle release
ok 49 - WebSocket 1048576-byte payload is identical before/after idle release
  ---
  duration_ms: 54.515965
  type: 'test'
  ...
# Subtest: reproduction: an idle 1MiB message retains 2MiB scratch in original, zero in fixed
ok 50 - reproduction: an idle 1MiB message retains 2MiB scratch in original, zero in fixed
  ---
  duration_ms: 59.680933
  type: 'test'
  ...
# Subtest: small interactive frames do not allocate a release timer
ok 51 - small interactive frames do not allocate a release timer
  ---
  duration_ms: 8.464366
  type: 'test'
  ...
# Subtest: large bursts reuse both capacity and one unreferenced refreshable timer
ok 52 - large bursts reuse both capacity and one unreferenced refreshable timer
  ---
  duration_ms: 76.166605
  type: 'test'
  ...
# Subtest: incomplete 1-byte frame prefix survives an expired idle timer
ok 53 - incomplete 1-byte frame prefix survives an expired idle timer
  ---
  duration_ms: 21.751241
  type: 'test'
  ...
# Subtest: incomplete 3-byte frame prefix survives an expired idle timer
ok 54 - incomplete 3-byte frame prefix survives an expired idle timer
  ---
  duration_ms: 18.421563
  type: 'test'
  ...
# Subtest: incomplete 10-byte frame prefix survives an expired idle timer
ok 55 - incomplete 10-byte frame prefix survives an expired idle timer
  ---
  duration_ms: 26.776635
  type: 'test'
  ...
# Subtest: incomplete 100-byte frame prefix survives an expired idle timer
ok 56 - incomplete 100-byte frame prefix survives an expired idle timer
  ---
  duration_ms: 25.695502
  type: 'test'
  ...
# Subtest: incomplete 32768-byte frame prefix survives an expired idle timer
ok 57 - incomplete 32768-byte frame prefix survives an expired idle timer
  ---
  duration_ms: 18.358889
  type: 'test'
  ...
# Subtest: fragment payloads and split UTF-8 survive scratch-buffer release between frames
ok 58 - fragment payloads and split UTF-8 survive scratch-buffer release between frames
  ---
  duration_ms: 17.098447
  type: 'test'
  ...
# Subtest: active async handler and queued messages remain owned when scratch is released
ok 59 - active async handler and queued messages remain owned when scratch is released
  ---
  duration_ms: 17.069193
  type: 'test'
  ...
# Subtest: release timer is cancelled on terminate
ok 60 - release timer is cancelled on terminate
  ---
  duration_ms: 9.410366
  type: 'test'
  ...
# Subtest: release timer is cancelled on local-close
ok 61 - release timer is cancelled on local-close
  ---
  duration_ms: 13.328077
  type: 'test'
  ...
# Subtest: release timer is cancelled on peer-close
ok 62 - release timer is cancelled on peer-close
  ---
  duration_ms: 7.699508
  type: 'test'
  ...
# Subtest: release timer is cancelled on error
ok 63 - release timer is cancelled on error
  ---
  duration_ms: 19.434894
  type: 'test'
  ...
# Subtest: release timer is cancelled on end
ok 64 - release timer is cancelled on end
  ---
  duration_ms: 7.372026
  type: 'test'
  ...
# Subtest: release timer is cancelled on close
ok 65 - release timer is cancelled on close
  ---
  duration_ms: 8.022553
  type: 'test'
  ...
# Subtest: protocol security after buffer release: unmasked
ok 66 - protocol security after buffer release: unmasked
  ---
  duration_ms: 28.101364
  type: 'test'
  ...
# Subtest: protocol security after buffer release: invalid-utf8
ok 67 - protocol security after buffer release: invalid-utf8
  ---
  duration_ms: 36.232109
  type: 'test'
  ...
# Subtest: protocol security after buffer release: invalid-opcode
ok 68 - protocol security after buffer release: invalid-opcode
  ---
  duration_ms: 28.464238
  type: 'test'
  ...
# Subtest: protocol security after buffer release: unexpected-continuation
ok 69 - protocol security after buffer release: unexpected-continuation
  ---
  duration_ms: 38.493163
  type: 'test'
  ...
# Subtest: protocol security after buffer release: oversized-control
ok 70 - protocol security after buffer release: oversized-control
  ---
  duration_ms: 25.515802
  type: 'test'
  ...
# Subtest: protocol security after buffer release: fragmented-control
ok 71 - protocol security after buffer release: fragmented-control
  ---
  duration_ms: 37.097348
  type: 'test'
  ...
# Subtest: protocol security after buffer release: invalid-close-length
ok 72 - protocol security after buffer release: invalid-close-length
  ---
  duration_ms: 26.068543
  type: 'test'
  ...
# Subtest: protocol security after buffer release: reserved-bits
ok 73 - protocol security after buffer release: reserved-bits
  ---
  duration_ms: 31.592564
  type: 'test'
  ...
# Subtest: protocol security after buffer release: oversized-header
ok 74 - protocol security after buffer release: oversized-header
  ---
  duration_ms: 36.748514
  type: 'test'
  ...
# Subtest: 100 deterministic fragmented/coalesced frame streams remain byte-identical
ok 75 - 100 deterministic fragmented/coalesced frame streams remain byte-identical
  ---
  duration_ms: 734.361095
  type: 'test'
  ...
# Subtest: native production Timeout releases capacity without a timer mock
ok 76 - native production Timeout releases capacity without a timer mock
  ---
  duration_ms: 5211.799552
  type: 'test'
  ...
# (node:16371) ExperimentalWarning: stripTypeScriptTypes is an experimental feature and might change at any time
# (Use `node --trace-warnings ...` to show where the warning was created)
# Subtest: actual TCP/HTTP Upgrade, binary/text echo, idle, ping/pong and close: baseline
ok 77 - actual TCP/HTTP Upgrade, binary/text echo, idle, ping/pong and close: baseline
  ---
  duration_ms: 5465.174382
  type: 'test'
  ...
# Subtest: actual TCP/HTTP Upgrade, binary/text echo, idle, ping/pong and close: current
ok 78 - actual TCP/HTTP Upgrade, binary/text echo, idle, ping/pong and close: current
  ---
  duration_ms: 5266.044673
  type: 'test'
  ...
1..78
# tests 78
# suites 0
# pass 78
# fail 0
# cancelled 0
# skipped 0
# todo 0
# duration_ms 10815.673486
