
> brainvault@1.0.0 verify:data-loss
> node scripts/verify-data-loss-guards.mjs

node:internal/modules/package_json_reader:256
  throw new ERR_MODULE_NOT_FOUND(packageName, fileURLToPath(base), null);
        ^

Error [ERR_MODULE_NOT_FOUND]: Cannot find package 'tsx' imported from /mnt/data/brainvault_work/
    at Object.getPackageJSONURL (node:internal/modules/package_json_reader:256:9)
    at packageResolve (node:internal/modules/esm/resolve:768:81)
    at moduleResolve (node:internal/modules/esm/resolve:854:18)
    at defaultResolve (node:internal/modules/esm/resolve:984:11)
    at ModuleLoader.defaultResolve (node:internal/modules/esm/loader:780:12)
    at #cachedDefaultResolve (node:internal/modules/esm/loader:704:25)
    at ModuleLoader.resolve (node:internal/modules/esm/loader:687:38)
    at ModuleLoader.getModuleJobForImport (node:internal/modules/esm/loader:305:38)
    at onImport.tracePromise.__proto__ (node:internal/modules/esm/loader:643:36)
    at TracingChannel.tracePromise (node:diagnostics_channel:344:14) {
  code: 'ERR_MODULE_NOT_FOUND'
}

Node.js v22.16.0
node:internal/errors:983
  const err = new Error(message);
              ^

Error: Command failed: /opt/nvm/versions/node/v22.16.0/bin/node --import=tsx /mnt/data/brainvault_work/scripts/reproduce-backup-stream-integrity-loss.mjs
node:internal/modules/package_json_reader:256
  throw new ERR_MODULE_NOT_FOUND(packageName, fileURLToPath(base), null);
        ^

Error [ERR_MODULE_NOT_FOUND]: Cannot find package 'tsx' imported from /mnt/data/brainvault_work/
    at Object.getPackageJSONURL (node:internal/modules/package_json_reader:256:9)
    at packageResolve (node:internal/modules/esm/resolve:768:81)
    at moduleResolve (node:internal/modules/esm/resolve:854:18)
    at defaultResolve (node:internal/modules/esm/resolve:984:11)
    at ModuleLoader.defaultResolve (node:internal/modules/esm/loader:780:12)
    at #cachedDefaultResolve (node:internal/modules/esm/loader:704:25)
    at ModuleLoader.resolve (node:internal/modules/esm/loader:687:38)
    at ModuleLoader.getModuleJobForImport (node:internal/modules/esm/loader:305:38)
    at onImport.tracePromise.__proto__ (node:internal/modules/esm/loader:643:36)
    at TracingChannel.tracePromise (node:diagnostics_channel:344:14) {
  code: 'ERR_MODULE_NOT_FOUND'
}

Node.js v22.16.0

    at genericNodeError (node:internal/errors:983:15)
    at wrappedFn (node:internal/errors:537:14)
    at checkExecSyncError (node:child_process:882:11)
    at execFileSync (node:child_process:918:15)
    at file:///mnt/data/brainvault_work/scripts/verify-data-loss-guards.mjs:577:54
    at ModuleJob.run (node:internal/modules/esm/module_job:274:25)
    at async onImport.tracePromise.__proto__ (node:internal/modules/esm/loader:644:26)
    at async asyncRunEntryPointWithESMLoader (node:internal/modules/run_main:117:5) {
  status: 1,
  signal: null,
  output: [
    null,
    '',
    'node:internal/modules/package_json_reader:256\n' +
      '  throw new ERR_MODULE_NOT_FOUND(packageName, fileURLToPath(base), null);\n' +
      '        ^\n' +
      '\n' +
      "Error [ERR_MODULE_NOT_FOUND]: Cannot find package 'tsx' imported from /mnt/data/brainvault_work/\n" +
      '    at Object.getPackageJSONURL (node:internal/modules/package_json_reader:256:9)\n' +
      '    at packageResolve (node:internal/modules/esm/resolve:768:81)\n' +
      '    at moduleResolve (node:internal/modules/esm/resolve:854:18)\n' +
      '    at defaultResolve (node:internal/modules/esm/resolve:984:11)\n' +
      '    at ModuleLoader.defaultResolve (node:internal/modules/esm/loader:780:12)\n' +
      '    at #cachedDefaultResolve (node:internal/modules/esm/loader:704:25)\n' +
      '    at ModuleLoader.resolve (node:internal/modules/esm/loader:687:38)\n' +
      '    at ModuleLoader.getModuleJobForImport (node:internal/modules/esm/loader:305:38)\n' +
      '    at onImport.tracePromise.__proto__ (node:internal/modules/esm/loader:643:36)\n' +
      '    at TracingChannel.tracePromise (node:diagnostics_channel:344:14) {\n' +
      "  code: 'ERR_MODULE_NOT_FOUND'\n" +
      '}\n' +
      '\n' +
      'Node.js v22.16.0\n'
  ],
  pid: 8569,
  stdout: '',
  stderr: 'node:internal/modules/package_json_reader:256\n' +
    '  throw new ERR_MODULE_NOT_FOUND(packageName, fileURLToPath(base), null);\n' +
    '        ^\n' +
    '\n' +
    "Error [ERR_MODULE_NOT_FOUND]: Cannot find package 'tsx' imported from /mnt/data/brainvault_work/\n" +
    '    at Object.getPackageJSONURL (node:internal/modules/package_json_reader:256:9)\n' +
    '    at packageResolve (node:internal/modules/esm/resolve:768:81)\n' +
    '    at moduleResolve (node:internal/modules/esm/resolve:854:18)\n' +
    '    at defaultResolve (node:internal/modules/esm/resolve:984:11)\n' +
    '    at ModuleLoader.defaultResolve (node:internal/modules/esm/loader:780:12)\n' +
    '    at #cachedDefaultResolve (node:internal/modules/esm/loader:704:25)\n' +
    '    at ModuleLoader.resolve (node:internal/modules/esm/loader:687:38)\n' +
    '    at ModuleLoader.getModuleJobForImport (node:internal/modules/esm/loader:305:38)\n' +
    '    at onImport.tracePromise.__proto__ (node:internal/modules/esm/loader:643:36)\n' +
    '    at TracingChannel.tracePromise (node:diagnostics_channel:344:14) {\n' +
    "  code: 'ERR_MODULE_NOT_FOUND'\n" +
    '}\n' +
    '\n' +
    'Node.js v22.16.0\n'
}

Node.js v22.16.0
