{
  "scope": "Real Chromium DOM and native ESM Blob imports (only import URLs rewritten). about:blank is not a secure context; existing ID fallback executes. Runtime config uses existing 50000 offline default. Not deployed CSP/static HTTP/API/auth/database E2E.",
  "servedModules": {
    "baseline": [
      "i18n.js",
      "runtime-config.js",
      "rendered-html-sanitizer.js",
      "ai-chat-block.js",
      "accordion-block.js",
      "database-block.js",
      "timetable-block.js",
      "gantt-block.js",
      "treeview-block.js"
    ],
    "current": [
      "i18n.js",
      "summary-prefix.js",
      "runtime-config.js",
      "rendered-html-sanitizer.js",
      "ai-chat-block.js",
      "accordion-block.js",
      "database-block.js",
      "timetable-block.js",
      "gantt-block.js",
      "treeview-block.js"
    ]
  },
  "userAgent": "Mozilla/5.0 (X11; Linux x86_64) AppleWebKit/537.36 (KHTML, like Gecko) HeadlessChrome/144.0.0.0 Safari/537.36",
  "secureContext": false,
  "passed": 92,
  "failed": 0,
  "results": [
    {
      "name": "ai-chat: native ESM and real imported dependencies load",
      "passed": true,
      "ms": 47.5
    },
    {
      "name": "ai-chat: normal summary/full metadata exact original parity",
      "passed": true,
      "ms": 2.900000000023283
    },
    {
      "name": "ai-chat: large summary/full metadata exact original parity",
      "passed": true,
      "ms": 64
    },
    {
      "name": "accordion: native ESM and real imported dependencies load",
      "passed": true,
      "ms": 12.199999999953434
    },
    {
      "name": "accordion: normal summary/full metadata exact original parity",
      "passed": true,
      "ms": 38.79999999993015
    },
    {
      "name": "accordion: large summary/full metadata exact original parity",
      "passed": true,
      "ms": 33.70000000006985
    },
    {
      "name": "database: native ESM and real imported dependencies load",
      "passed": true,
      "ms": 26.899999999906868
    },
    {
      "name": "database: normal summary/full metadata exact original parity",
      "passed": true,
      "ms": 4.200000000069849
    },
    {
      "name": "database: large summary/full metadata exact original parity",
      "passed": true,
      "ms": 171.90000000002328
    },
    {
      "name": "timetable: native ESM and real imported dependencies load",
      "passed": true,
      "ms": 12.900000000023283
    },
    {
      "name": "timetable: normal summary/full metadata exact original parity",
      "passed": true,
      "ms": 2.900000000023283
    },
    {
      "name": "timetable: large summary/full metadata exact original parity",
      "passed": true,
      "ms": 14.599999999976717
    },
    {
      "name": "gantt: native ESM and real imported dependencies load",
      "passed": true,
      "ms": 13.800000000046566
    },
    {
      "name": "gantt: normal summary/full metadata exact original parity",
      "passed": true,
      "ms": 2.099999999976717
    },
    {
      "name": "gantt: large summary/full metadata exact original parity",
      "passed": true,
      "ms": 18.79999999993015
    },
    {
      "name": "treeview: native ESM and real imported dependencies load",
      "passed": true,
      "ms": 16.100000000093132
    },
    {
      "name": "treeview: normal summary/full metadata exact original parity",
      "passed": true,
      "ms": 2.5
    },
    {
      "name": "treeview: large summary/full metadata exact original parity",
      "passed": true,
      "ms": 119.09999999997672
    },
    {
      "name": "ai-chat: en browser locale parity",
      "passed": true,
      "ms": 1.5
    },
    {
      "name": "accordion: en browser locale parity",
      "passed": true,
      "ms": 0.6999999999534339
    },
    {
      "name": "database: en browser locale parity",
      "passed": true,
      "ms": 16.20000000006985
    },
    {
      "name": "timetable: en browser locale parity",
      "passed": true,
      "ms": 5.199999999953434
    },
    {
      "name": "gantt: en browser locale parity",
      "passed": true,
      "ms": 6.900000000023283
    },
    {
      "name": "treeview: en browser locale parity",
      "passed": true,
      "ms": 4.5
    },
    {
      "name": "ai-chat: ko browser locale parity",
      "passed": true,
      "ms": 2.700000000069849
    },
    {
      "name": "accordion: ko browser locale parity",
      "passed": true,
      "ms": 2.299999999930151
    },
    {
      "name": "database: ko browser locale parity",
      "passed": true,
      "ms": 18.800000000046566
    },
    {
      "name": "timetable: ko browser locale parity",
      "passed": true,
      "ms": 1.599999999976717
    },
    {
      "name": "gantt: ko browser locale parity",
      "passed": true,
      "ms": 3.700000000069849
    },
    {
      "name": "treeview: ko browser locale parity",
      "passed": true,
      "ms": 2.799999999930151
    },
    {
      "name": "ai-chat: ja browser locale parity",
      "passed": true,
      "ms": 0.5
    },
    {
      "name": "accordion: ja browser locale parity",
      "passed": true,
      "ms": 1
    },
    {
      "name": "database: ja browser locale parity",
      "passed": true,
      "ms": 22.399999999906868
    },
    {
      "name": "timetable: ja browser locale parity",
      "passed": true,
      "ms": 3.700000000069849
    },
    {
      "name": "gantt: ja browser locale parity",
      "passed": true,
      "ms": 5.799999999930151
    },
    {
      "name": "treeview: ja browser locale parity",
      "passed": true,
      "ms": 4.100000000093132
    },
    {
      "name": "ai-chat: fr browser locale parity",
      "passed": true,
      "ms": 1.6999999999534339
    },
    {
      "name": "accordion: fr browser locale parity",
      "passed": true,
      "ms": 1.099999999976717
    },
    {
      "name": "database: fr browser locale parity",
      "passed": true,
      "ms": 1.5
    },
    {
      "name": "timetable: fr browser locale parity",
      "passed": true,
      "ms": 1.400000000023283
    },
    {
      "name": "gantt: fr browser locale parity",
      "passed": true,
      "ms": 3
    },
    {
      "name": "treeview: fr browser locale parity",
      "passed": true,
      "ms": 2.099999999976717
    },
    {
      "name": "ai-chat: de browser locale parity",
      "passed": true,
      "ms": 0.5
    },
    {
      "name": "accordion: de browser locale parity",
      "passed": true,
      "ms": 1.2999999999301508
    },
    {
      "name": "database: de browser locale parity",
      "passed": true,
      "ms": 2.700000000069849
    },
    {
      "name": "timetable: de browser locale parity",
      "passed": true,
      "ms": 1.6999999999534339
    },
    {
      "name": "gantt: de browser locale parity",
      "passed": true,
      "ms": 2.900000000023283
    },
    {
      "name": "treeview: de browser locale parity",
      "passed": true,
      "ms": 3.199999999953434
    },
    {
      "name": "ai-chat: es browser locale parity",
      "passed": true,
      "ms": 0.5
    },
    {
      "name": "accordion: es browser locale parity",
      "passed": true,
      "ms": 1.099999999976717
    },
    {
      "name": "database: es browser locale parity",
      "passed": true,
      "ms": 1.400000000023283
    },
    {
      "name": "timetable: es browser locale parity",
      "passed": true,
      "ms": 1.599999999976717
    },
    {
      "name": "gantt: es browser locale parity",
      "passed": true,
      "ms": 2.800000000046566
    },
    {
      "name": "treeview: es browser locale parity",
      "passed": true,
      "ms": 1.900000000023283
    },
    {
      "name": "ai-chat: pt browser locale parity",
      "passed": true,
      "ms": 4.800000000046566
    },
    {
      "name": "accordion: pt browser locale parity",
      "passed": true,
      "ms": 1.2999999999301508
    },
    {
      "name": "database: pt browser locale parity",
      "passed": true,
      "ms": 1.400000000023283
    },
    {
      "name": "timetable: pt browser locale parity",
      "passed": true,
      "ms": 1.400000000023283
    },
    {
      "name": "gantt: pt browser locale parity",
      "passed": true,
      "ms": 2.799999999930151
    },
    {
      "name": "treeview: pt browser locale parity",
      "passed": true,
      "ms": 1.8000000000465661
    },
    {
      "name": "ai-chat: initial DOM, ARIA, extracted editable metadata",
      "passed": true,
      "ms": 281
    },
    {
      "name": "ai-chat: title edit, dirty callback, extraction, literal HTML",
      "passed": true,
      "ms": 216.19999999995343
    },
    {
      "name": "ai-chat: tail edit preserves other metadata beyond summary prefix",
      "passed": true,
      "ms": 267.20000000006985
    },
    {
      "name": "ai-chat: stored untrusted text remains non-executable",
      "passed": true,
      "ms": 200
    },
    {
      "name": "accordion: initial DOM, ARIA, extracted editable metadata",
      "passed": true,
      "ms": 199.59999999997672
    },
    {
      "name": "accordion: title edit, dirty callback, extraction, literal HTML",
      "passed": true,
      "ms": 199.80000000004657
    },
    {
      "name": "accordion: tail edit preserves other metadata beyond summary prefix",
      "passed": true,
      "ms": 217.89999999990687
    },
    {
      "name": "accordion: stored untrusted text remains non-executable",
      "passed": true,
      "ms": 198.70000000006985
    },
    {
      "name": "database: initial DOM, ARIA, extracted editable metadata",
      "passed": true,
      "ms": 200.29999999993015
    },
    {
      "name": "database: title edit, dirty callback, extraction, literal HTML",
      "passed": true,
      "ms": 199.90000000002328
    },
    {
      "name": "database: tail edit preserves other metadata beyond summary prefix",
      "passed": true,
      "ms": 201.59999999997672
    },
    {
      "name": "database: stored untrusted text remains non-executable",
      "passed": true,
      "ms": 198.30000000004657
    },
    {
      "name": "timetable: initial DOM, ARIA, extracted editable metadata",
      "passed": true,
      "ms": 200.09999999997672
    },
    {
      "name": "timetable: title edit, dirty callback, extraction, literal HTML",
      "passed": true,
      "ms": 199.70000000006985
    },
    {
      "name": "timetable: tail edit preserves other metadata beyond summary prefix",
      "passed": true,
      "ms": 200
    },
    {
      "name": "timetable: stored untrusted text remains non-executable",
      "passed": true,
      "ms": 200.09999999997672
    },
    {
      "name": "gantt: initial DOM, ARIA, extracted editable metadata",
      "passed": true,
      "ms": 200.09999999997672
    },
    {
      "name": "gantt: title edit, dirty callback, extraction, literal HTML",
      "passed": true,
      "ms": 199.90000000002328
    },
    {
      "name": "gantt: tail edit preserves other metadata beyond summary prefix",
      "passed": true,
      "ms": 199.90000000002328
    },
    {
      "name": "gantt: stored untrusted text remains non-executable",
      "passed": true,
      "ms": 200.09999999997672
    },
    {
      "name": "treeview: initial DOM, ARIA, extracted editable metadata",
      "passed": true,
      "ms": 200.09999999997672
    },
    {
      "name": "treeview: title edit, dirty callback, extraction, literal HTML",
      "passed": true,
      "ms": 199.70000000006985
    },
    {
      "name": "treeview: tail edit preserves other metadata beyond summary prefix",
      "passed": true,
      "ms": 200.59999999997672
    },
    {
      "name": "treeview: stored untrusted text remains non-executable",
      "passed": true,
      "ms": 199.30000000004657
    },
    {
      "name": "accordion: read-only event guards retain original behavior",
      "passed": true,
      "ms": 200.09999999997672
    },
    {
      "name": "treeview: read-only event guards retain original behavior",
      "passed": true,
      "ms": 199.79999999993015
    },
    {
      "name": "timetable: read-only event guards retain original behavior",
      "passed": true,
      "ms": 200.10000000009313
    },
    {
      "name": "gantt: read-only event guards retain original behavior",
      "passed": true,
      "ms": 200.09999999997672
    },
    {
      "name": "accordion: missing IDs preserve UUID/fallback selection; saved IDs survive",
      "passed": true,
      "ms": 0.5
    },
    {
      "name": "treeview: missing IDs preserve UUID/fallback selection; saved IDs survive",
      "passed": true,
      "ms": 0
    },
    {
      "name": "timetable: missing IDs preserve UUID/fallback selection; saved IDs survive",
      "passed": true,
      "ms": 0.09999999997671694
    },
    {
      "name": "gantt: missing IDs preserve UUID/fallback selection; saved IDs survive",
      "passed": true,
      "ms": 0.09999999997671694
    }
  ],
  "browserVersion": "144.0.7559.96",
  "pageErrors": []
}
