{
  "scope": "Chromium in-memory component tests; NOT full-app/server E2E",
  "userAgent": "Mozilla/5.0 (X11; Linux x86_64) AppleWebKit/537.36 (KHTML, like Gecko) HeadlessChrome/144.0.0.0 Safari/537.36",
  "passed": 23,
  "failed": 0,
  "tests": [
    {
      "name": "tree: flat 3000 blocks",
      "pass": true,
      "ms": 195.09999999997672
    },
    {
      "name": "tree: nested 3000 blocks",
      "pass": true,
      "ms": 196.20000000006985
    },
    {
      "name": "snapshot: local state/focus/history",
      "pass": true,
      "ms": 17
    },
    {
      "name": "snapshot: remote state/focus/history",
      "pass": true,
      "ms": 13.099999999976717
    },
    {
      "name": "snapshot: recovery state/focus/history",
      "pass": true,
      "ms": 12.099999999976717
    },
    {
      "name": "snapshot: real title limit and page/account reset",
      "pass": true,
      "ms": 6.300000000046566
    },
    {
      "name": "recovery: 10000 reordered IDs, exact result and linear membership calls",
      "pass": true,
      "ms": 252.69999999995343
    },
    {
      "name": "recovery: reject duplicate",
      "pass": true,
      "ms": 1.900000000023283
    },
    {
      "name": "recovery: reject foreign",
      "pass": true,
      "ms": 0.40000000002328306
    },
    {
      "name": "recovery: reject badVersion",
      "pass": true,
      "ms": 0.09999999997671694
    },
    {
      "name": "recovery: reject extra",
      "pass": true,
      "ms": 0.19999999995343387
    },
    {
      "name": "recovery: reject badParent",
      "pass": true,
      "ms": 0
    },
    {
      "name": "recovery: reject getter",
      "pass": true,
      "ms": 0.30000000004656613
    },
    {
      "name": "history: 1000 randomized steps, native structuredClone",
      "pass": true,
      "ms": 79.19999999995343
    },
    {
      "name": "history: 1000 randomized steps, JSON fallback",
      "pass": true,
      "ms": 60
    },
    {
      "name": "history: native clone calls 400 -> 200 with same logical retention",
      "pass": true,
      "ms": 10.599999999976717
    },
    {
      "name": "real DOM security: remove executable elements and event attributes",
      "pass": true,
      "ms": 9.29999999993015
    },
    {
      "name": "real DOM security: unsafe link \"javascript:alert(1)\"",
      "pass": true,
      "ms": 1.3000000000465661
    },
    {
      "name": "real DOM security: unsafe link \"java\\nscript:alert(1)\"",
      "pass": true,
      "ms": 0.09999999997671694
    },
    {
      "name": "real DOM security: unsafe link \"data:text/html,bad\"",
      "pass": true,
      "ms": 0.09999999997671694
    },
    {
      "name": "real DOM security: unsafe link \"//evil.invalid/x\"",
      "pass": true,
      "ms": 0
    },
    {
      "name": "real DOM security: safe markup, links, style allowlist and embeds",
      "pass": true,
      "ms": 2.300000000046566
    },
    {
      "name": "real DOM behavior: checkbox, details and opt-in AI controls retained",
      "pass": true,
      "ms": 5
    }
  ]
}
